// Vitest Snapshot v1

exports[`CalcButton unit test > should render the component 1`] = `"<button class=\\"calc-btn\\">Test</button>"`;
