// Vitest Snapshot v1

exports[`BaseButton unit test > should render the component 1`] = `"<div class=\\"btn-container\\"><button type=\\"button\\" class=\\"\\">Test</button></div>"`;
